Component: ARM Compiler 5.05 update 1 (build 106) Tool: armlink [4d0efa]

==============================================================================

Section Cross References

    startup_stm32f10x_hd.o(RESET) refers to startup_stm32f10x_hd.o(STACK) for __initial_sp
    startup_stm32f10x_hd.o(RESET) refers to startup_stm32f10x_hd.o(.text) for Reset_Handler
    startup_stm32f10x_hd.o(RESET) refers to stm32f10x_it.o(.text) for NMI_Handler
    startup_stm32f10x_hd.o(RESET) refers to adc.o(.text) for DMA1_Channel1_IRQHandler
    startup_stm32f10x_hd.o(RESET) refers to timer.o(.text) for TIM2_IRQHandler
    startup_stm32f10x_hd.o(RESET) refers to uart_485.o(.text) for USART1_IRQHandler
    startup_stm32f10x_hd.o(RESET) refers to uart_tftlcd.o(.text) for USART2_IRQHandler
    startup_stm32f10x_hd.o(RESET) refers to uart_camera.o(.text) for UART4_IRQHandler
    startup_stm32f10x_hd.o(.text) refers to system_stm32f10x.o(.text) for SystemInit
    startup_stm32f10x_hd.o(.text) refers to entry.o(.ARM.Collect$$$$00000000) for __main
    main.o(.text) refers to as5600.o(.text) for Get_Ini_Val
    main.o(.text) refers to function.o(.text) for Init_PTZ_PID
    main.o(.text) refers to adjust.o(.text) for Flash_Init
    main.o(.text) refers to stm32f10x_gpio.o(.text) for GPIO_SetBits
    main.o(.text) refers to uart_control.o(.text) for Sound_Start
    main.o(.text) refers to stm32f10x_tim.o(.text) for TIM_ITConfig
    main.o(.text) refers to uart_tftlcd.o(.text) for LCD_DealData
    main.o(.text) refers to misc.o(.text) for NVIC_PriorityGroupConfig
    main.o(.text) refers to bsp.o(.text) for BSP_Configuration
    main.o(.text) refers to timer.o(.text) for TIM7_Configuration
    main.o(.text) refers to delay.o(.text) for delay_init
    main.o(.text) refers to usart.o(.text) for UART_Init
    main.o(.text) refers to adc.o(.text) for ADC_Configuration
    main.o(.text) refers to operatea.o(.text) for StartUp_Interface
    main.o(.text) refers to operateb.o(.text) for AutoPick_ModeSel
    main.o(.text) refers to convertpoint.o(.text) for Deal_TranLaserDataMotor
    main.o(.text) refers to uart_485.o(.text) for Function_Modbus
    main.o(.text) refers to uart_camera.o(.text) for Camera_RxRefresh
    main.o(.text) refers to boardvariable.o(.data) for IIC_GetInit
    main.o(.text) refers to boardvariable.o(.bss) for CodeX
    main.o(.text) refers to main.o(.data) for HollowPage_flag
    stm32f10x_it.o(.text) refers to stm32f10x_usart.o(.text) for USART_GetITStatus
    timer.o(.text) refers to stm32f10x_rcc.o(.text) for RCC_APB1PeriphClockCmd
    timer.o(.text) refers to stm32f10x_tim.o(.text) for TIM_TimeBaseInit
    timer.o(.text) refers to misc.o(.text) for NVIC_Init
    timer.o(.text) refers to stm32f10x_gpio.o(.text) for GPIO_SetBits
    timer.o(.text) refers to timer.o(.data) for Timer2_Cnt1
    timer.o(.text) refers to boardvariable.o(.data) for Run_Xmotor
    timer.o(.text) refers to boardvariable.o(.bss) for CodeX
    timer.o(.text) refers to bsp.o(.text) for BSP_LED_Toggle
    timer.o(.text) refers to uart_camera.o(.text) for Camera_TxRefresh
    timer.o(.text) refers to stm32f10x_usart.o(.text) for USART_ITConfig
    operatea.o(.text) refers to uart_control.o(.text) for Video_Control
    operatea.o(.text) refers to operatea.o(.data) for ValIN_Setwei
    operatea.o(.text) refers to boardvariable.o(.data) for SysTime_Hour
    operatea.o(.text) refers to operatea.o(.bss) for ValIN_Value
    operatea.o(.text) refers to convertpoint.o(.data) for XReal_Motor
    operatea.o(.text) refers to boardvariable.o(.bss) for Arg_ReadAdj
    operatea.o(.text) refers to uart_camera.o(.text) for Camera_AIselect
    operatea.o(.text) refers to convertpoint.o(.text) for Deal_EnLaserData
    operatea.o(.text) refers to function.o(.text) for Init_PTZ_Position
    operatea.o(.text) refers to adjust.o(.text) for Flash_eepromIn
    operatea.o(.text) refers to stm32f10x_gpio.o(.text) for GPIO_SetBits
    operatea.o(.text) refers to uart_tftlcd.o(.text) for LCD_DealData
    operatea.o(.text) refers to main.o(.data) for HollowPage_flag
    operatea.o(.text) refers to stm32f10x_tim.o(.text) for TIM_SetAutoreload
    operateb.o(.text) refers to uart_tftlcd.o(.text) for LCD_DealData
    operateb.o(.text) refers to delay.o(.text) for delay_ms
    operateb.o(.text) refers to convertpoint.o(.text) for Data_init
    operateb.o(.text) refers to uart_485.o(.text) for Massage_PostEnd
    operateb.o(.text) refers to uart_control.o(.text) for Video_Control
    operateb.o(.text) refers to uart_camera.o(.text) for Camera_TxRefresh
    operateb.o(.text) refers to boardvariable.o(.data) for Matrixkey_val
    operateb.o(.text) refers to convertpoint.o(.data) for Test_SpeedEn
    operateb.o(.text) refers to convertpoint.o(.bss) for Res_PosFollow
    operateb.o(.text) refers to boardvariable.o(.bss) for Camera_RxType
    operateb.o(.text) refers to stm32f10x_gpio.o(.text) for GPIO_ResetBits
    function.o(.text) refers to uart_control.o(.text) for Video_Control
[...]
    i.tan                                    0x0800c994   Section        0  tan.o(i.tan)
    .constdata                               0x0800c9f8   Section      128  function.o(.constdata)
    .constdata                               0x0800ca78   Section     5000  convertpoint.o(.constdata)
    .constdata                               0x0800de00   Section      512  mbcrc.o(.constdata)
    aucCRCHi                                 0x0800de00   Data         256  mbcrc.o(.constdata)
    aucCRCLo                                 0x0800df00   Data         256  mbcrc.o(.constdata)
    .constdata                               0x0800e000   Section      122  uart_control.o(.constdata)
    .constdata                               0x0800e080   Section      152  atan.o(.constdata)
    atanhi                                   0x0800e080   Data          32  atan.o(.constdata)
    atanlo                                   0x0800e0a0   Data          32  atan.o(.constdata)
    aTodd                                    0x0800e0c0   Data          40  atan.o(.constdata)
    aTeven                                   0x0800e0e8   Data          48  atan.o(.constdata)
    .constdata                               0x0800e118   Section      200  rred.o(.constdata)
    pio2s                                    0x0800e118   Data          48  rred.o(.constdata)
    twooverpi                                0x0800e148   Data         152  rred.o(.constdata)
    .constdata                               0x0800e1e0   Section       96  tan_i.o(.constdata)
    Todd                                     0x0800e1e0   Data          48  tan_i.o(.constdata)
    Teven                                    0x0800e210   Data          48  tan_i.o(.constdata)
    .data                                    0x20000000   Section       10  main.o(.data)
    .data                                    0x2000000c   Section       24  timer.o(.data)
    .data                                    0x20000024   Section      192  boardvariable.o(.data)
    .data                                    0x200000e4   Section      124  operatea.o(.data)
    .data                                    0x20000160   Section        1  function.o(.data)
    .data                                    0x20000164   Section      337  convertpoint.o(.data)
    Pulse_Flag                               0x200002b4   Data           1  convertpoint.o(.data)
    .data                                    0x200002b8   Section      128  adjust.o(.data)
    .data                                    0x20000338   Section        1  i2c.o(.data)
    .data                                    0x2000033c   Section       28  as5600.o(.data)
    .data                                    0x20000358   Section       36  adc.o(.data)
    m                                        0x20000378   Data           4  adc.o(.data)
    .data                                    0x2000037c   Section        4  delay.o(.data)
    fac_us                                   0x2000037c   Data           1  delay.o(.data)
    fac_ms                                   0x2000037e   Data           2  delay.o(.data)
    .data                                    0x20000380   Section      130  uart_control.o(.data)
    .data                                    0x20000404   Section       16  uart_camera.o(.data)
    .data                                    0x20000414   Section       16  uart_485.o(.data)
    .data                                    0x20000424   Section        4  uart_tftlcd.o(.data)
    .data                                    0x20000428   Section       20  system_stm32f10x.o(.data)
    .data                                    0x2000043c   Section       20  stm32f10x_rcc.o(.data)
    APBAHBPrescTable                         0x2000043c   Data          16  stm32f10x_rcc.o(.data)
    ADCPrescTable                            0x2000044c   Data           4  stm32f10x_rcc.o(.data)
    .data                                    0x20000450   Section        4  errno.o(.data)
    _errno                                   0x20000450   Data           4  errno.o(.data)
    .bss                                     0x20000454   Section     1996  boardvariable.o(.bss)
    .bss                                     0x20000c20   Section      220  operatea.o(.bss)
    .bss                                     0x20000cfc   Section    18416  convertpoint.o(.bss)
    .bss                                     0x200054ec   Section       64  adc.o(.bss)
    .bss                                     0x2000552c   Section     6200  uart_camera.o(.bss)
    .bss                                     0x20006d64   Section       60  uart_tftlcd.o(.bss)
    STACK                                    0x20006da0   Section     1024  startup_stm32f10x_hd.o(STACK)

    Global Symbols

    Symbol Name                              Value     Ov Type        Size  Object(Section)

    BuildAttributes$$THM_ISAv4$P$D$K$B$S$PE$A:L22UL41UL21$X:L11$S22US41US21$IEEE1$IW$USESV6$~STKCKD$USESV7$~SHL$OTIME$ROPI$IEEEX$EBA8$MICROLIB$REQ8$PRES8$EABIv2 0x00000000   Number         0  anon$$obj.o ABSOLUTE
    __ARM_use_no_argv                        0x00000000   Number         0  main.o ABSOLUTE
    __cpp_initialize__aeabi_                  - Undefined Weak Reference
    __cxa_finalize                            - Undefined Weak Reference
    _clock_init                               - Undefined Weak Reference
    _microlib_exit                            - Undefined Weak Reference
    __Vectors_Size                           0x00000130   Number         0  startup_stm32f10x_hd.o ABSOLUTE
    __Vectors                                0x08000000   Data           4  startup_stm32f10x_hd.o(RESET)
    __Vectors_End                            0x08000130   Data           0  startup_stm32f10x_hd.o(RESET)
    __main                                   0x08000131   Thumb Code     0  entry.o(.ARM.Collect$$$$00000000)
    _main_stk                                0x08000131   Thumb Code     0  entry2.o(.ARM.Collect$$$$00000001)
    _main_scatterload                        0x08000135   Thumb Code     0  entry5.o(.ARM.Collect$$$$00000004)
    __main_after_scatterload                 0x08000139   Thumb Code     0  entry5.o(.ARM.Collect$$$$00000004)
    _main_clock                              0x08000139   Thumb Code     0  entry7b.o(.ARM.Collect$$$$00000008)
    _main_cpp_init                           0x08000139   Thumb Code     0  entry8b.o(.ARM.Collect$$$$0000000A)
    _main_init                               0x08000139   Thumb Code     0  entry9a.o(.ARM.Collect$$$$0000000B)
    __rt_final_cpp                           0x08000141   Thumb Code     0  entry10a.o(.ARM.Collect$$$$0000000D)
    __rt_final_exit                          0x08000141   Thumb Code     0  entry11a.o(.ARM.Collect$$$$0000000F)
    Reset_Handler                            0x08000145   Thumb Code     8  startup_stm32f10x_hd.o(.text)
    ADC1_2_IRQHandler                        0x0800015f   Thumb Code     0  startup_stm32f10x_hd.o(.text)
    ADC3_IRQHandler                          0x0800015f   Thumb Code     0  startup_stm32f10x_hd.o(.text)
    CAN1_RX1_IRQHandler                      0x0800015f   Thumb Code     0  startup_stm32f10x_hd.o(.text)
    CAN1_SCE_IRQHandler                      0x0800015f   Thumb Code     0  startup_stm32f10x_hd.o(.text)
    DMA1_Channel2_IRQHandler                 0x0800015f   Thumb Code     0  startup_stm32f10x_hd.o(.text)
    DMA1_Channel3_IRQHandler                 0x0800015f   Thumb Code     0  startup_stm32f10x_hd.o(.text)
    DMA1_Channel4_IRQHandler                 0x0800015f   Thumb Code     0  startup_stm32f10x_hd.o(.text)
    DMA1_Channel5_IRQHandler                 0x0800015f   Thumb Code     0  startup_stm32f10x_hd.o(.text)
    DMA1_Channel6_IRQHandler                 0x0800015f   Thumb Code     0  startup_stm32f10x_hd.o(.text)
    DMA1_Channel7_IRQHandler                 0x0800015f   Thumb Code     0  startup_stm32f10x_hd.o(.text)
    DMA2_Channel1_IRQHandler                 0x0800015f   Thumb Code     0  startup_stm32f10x_hd.o(.text)
    DMA2_Channel2_IRQHandler                 0x0800015f   Thumb Code     0  startup_stm32f10x_hd.o(.text)
    DMA2_Channel3_IRQHandler                 0x0800015f   Thumb Code     0  startup_stm32f10x_hd.o(.text)
    DMA2_Channel4_5_IRQHandler               0x0800015f   Thumb Code     0  startup_stm32f10x_hd.o(.text)
    EXTI0_IRQHandler                         0x0800015f   Thumb Code     0  startup_stm32f10x_hd.o(.text)
    EXTI15_10_IRQHandler                     0x0800015f   Thumb Code     0  startup_stm32f10x_hd.o(.text)
    EXTI1_IRQHandler                         0x0800015f   Thumb Code     0  startup_stm32f10x_hd.o(.text)
    EXTI2_IRQHandler                         0x0800015f   Thumb Code     0  startup_stm32f10x_hd.o(.text)
    EXTI3_IRQHandler                         0x0800015f   Thumb Code     0  startup_stm32f10x_hd.o(.text)
    EXTI4_IRQHandler                         0x0800015f   Thumb Code     0  startup_stm32f10x_hd.o(.text)
    EXTI9_5_IRQHandler                       0x0800015f   Thumb Code     0  startup_stm32f10x_hd.o(.text)
    FLASH_IRQHandler                         0x0800015f   Thumb Code     0  startup_stm32f10x_hd.o(.text)
    FSMC_IRQHandler                          0x0800015f   Thumb Code     0  startup_stm32f10x_hd.o(.text)
    I2C1_ER_IRQHandler                       0x0800015f   Thumb Code     0  startup_stm32f10x_hd.o(.text)
    I2C1_EV_IRQHandler                       0x0800015f   Thumb Code     0  startup_stm32f10x_hd.o(.text)
    I2C2_ER_IRQHandler                       0x0800015f   Thumb Code     0  startup_stm32f10x_hd.o(.text)
    I2C2_EV_IRQHandler                       0x0800015f   Thumb Code     0  startup_stm32f10x_hd.o(.text)
    PVD_IRQHandler                           0x0800015f   Thumb Code     0  startup_stm32f10x_hd.o(.text)
    RCC_IRQHandler                           0x0800015f   Thumb Code     0  startup_stm32f10x_hd.o(.text)
    RTCAlarm_IRQHandler                      0x0800015f   Thumb Code     0  startup_stm32f10x_hd.o(.text)
    RTC_IRQHandler                           0x0800015f   Thumb Code     0  startup_stm32f10x_hd.o(.text)
    SDIO_IRQHandler                          0x0800015f   Thumb Code     0  startup_stm32f10x_hd.o(.text)
    SPI1_IRQHandler                          0x0800015f   Thumb Code     0  startup_stm32f10x_hd.o(.text)
    SPI2_IRQHandler                          0x0800015f   Thumb Code     0  startup_stm32f10x_hd.o(.text)
    SPI3_IRQHandler                          0x0800015f   Thumb Code     0  startup_stm32f10x_hd.o(.text)
    TAMPER_IRQHandler                        0x0800015f   Thumb Code     0  startup_stm32f10x_hd.o(.text)
    TIM1_BRK_IRQHandler                      0x0800015f   Thumb Code     0  startup_stm32f10x_hd.o(.text)
    TIM1_CC_IRQHandler                       0x0800015f   Thumb Code     0  startup_stm32f10x_hd.o(.text)
    TIM1_TRG_COM_IRQHandler                  0x0800015f   Thumb Code     0  startup_stm32f10x_hd.o(.text)
    TIM1_UP_IRQHandler                       0x0800015f   Thumb Code     0  startup_stm32f10x_hd.o(.text)
    TIM4_IRQHandler                          0x0800015f   Thumb Code     0  startup_stm32f10x_hd.o(.text)
    TIM5_IRQHandler                          0x0800015f   Thumb Code     0  startup_stm32f10x_hd.o(.text)
    TIM6_IRQHandler                          0x0800015f   Thumb Code     0  startup_stm32f10x_hd.o(.text)
    TIM8_BRK_IRQHandler                      0x0800015f   Thumb Code     0  startup_stm32f10x_hd.o(.text)
    TIM8_CC_IRQHandler                       0x0800015f   Thumb Code     0  startup_stm32f10x_hd.o(.text)
    TIM8_TRG_COM_IRQHandler                  0x0800015f   Thumb Code     0  startup_stm32f10x_hd.o(.text)
    UART5_IRQHandler                         0x0800015f   Thumb Code     0  startup_stm32f10x_hd.o(.text)
    USBWakeUp_IRQHandler                     0x0800015f   Thumb Code     0  startup_stm32f10x_hd.o(.text)
    USB_HP_CAN1_TX_IRQHandler                0x0800015f   Thumb Code     0  startup_stm32f10x_hd.o(.text)
    USB_LP_CAN1_RX0_IRQHandler               0x0800015f   Thumb Code     0  startup_stm32f10x_hd.o(.text)
    WWDG_IRQHandler                          0x0800015f   Thumb Code     0  startup_stm32f10x_hd.o(.text)
    StepMotor_Codeback                       0x08000169   Thumb Code    86  main.o(.text)
    StartData_Init                           0x080001bf   Thumb Code   308  main.o(.text)
    main                                     0x080002f3   Thumb Code   226  main.o(.text)
    NMI_Handler                              0x08000459   Thumb Code     2  stm32f10x_it.o(.text)
    HardFault_Handler                        0x0800045b   Thumb Code     4  stm32f10x_it.o(.text)
    MemManage_Handler                        0x0800045f   Thumb Code     4  stm32f10x_it.o(.text)
    BusFault_Handler                         0x08000463   Thumb Code     4  stm32f10x_it.o(.text)
    UsageFault_Handler                       0x08000467   Thumb Code     4  stm32f10x_it.o(.text)
    SVC_Handler                              0x0800046b   Thumb Code     2  stm32f10x_it.o(.text)
    DebugMon_Handler                         0x0800046d   Thumb Code     2  stm32f10x_it.o(.text)
    PendSV_Handler                           0x0800046f   Thumb Code     2  stm32f10x_it.o(.text)
    SysTick_Handler                          0x08000471   Thumb Code     2  stm32f10x_it.o(.text)
    USART3_IRQHandler                        0x08000473   Thumb Code    22  stm32f10x_it.o(.text)
    TIM2_Configuration                       0x0800048d   Thumb Code    98  timer.o(.text)
    TIM2_IRQHandler                          0x080004ef   Thumb Code   376  timer.o(.text)
    TIM3_Configuration                       0x08000667   Thumb Code    96  timer.o(.text)
    TIM3_IRQHandler                          0x080006c7   Thumb Code   376  timer.o(.text)
    TIM7_Configuration                       0x0800083f   Thumb Code    90  timer.o(.text)
    TIM7_IRQHandler                          0x08000899   Thumb Code   900  timer.o(.text)
    Keyset_ValueInit0                        0x08000c81   Thumb Code   964  operatea.o(.text)
    StartUp_Interface                        0x08001045   Thumb Code   522  operatea.o(.text)
    Set0_Home                                0x0800124f   Thumb Code   216  operatea.o(.text)
    Show_Wave                                0x08001327   Thumb Code    32  operatea.o(.text)
    Keyset_ValueInput                        0x08001347   Thumb Code  1554  operatea.o(.text)
    Set1_TimeSel                             0x08001959   Thumb Code   122  operatea.o(.text)
    ManualControl_Onepoint                   0x080019d3   Thumb Code   258  operatea.o(.text)
    ManualControl_Yaogan                     0x08001ad5   Thumb Code   298  operatea.o(.text)
    AutoPick_ModeSel                         0x08001c79   Thumb Code   262  operateb.o(.text)
    Keyset_AutoPick01                        0x08001d7f   Thumb Code   426  operateb.o(.text)
    Deal_Materialmassage                     0x08001f29   Thumb Code  1014  operateb.o(.text)
    AutoPick_ModeRun                         0x0800231f   Thumb Code   848  operateb.o(.text)
    ScreenOrigin_PositionSet                 0x080026ad   Thumb Code   202  function.o(.text)
    Material_FeatureSel                      0x08002777   Thumb Code   502  function.o(.text)
    Material_Adjust                          0x0800296d   Thumb Code   184  function.o(.text)
    Material_Select                          0x08002a25   Thumb Code   224  function.o(.text)
    CBM_D_Value                              0x08002b05   Thumb Code    82  function.o(.text)
    Init_PTZ_Position                        0x08002b57   Thumb Code   984  function.o(.text)
    Material_PTZposition                     0x08002f2f   Thumb Code   814  function.o(.text)
    Init_PTZ_PID                             0x0800325d   Thumb Code   564  function.o(.text)
    Data_init                                0x080034ad   Thumb Code   108  convertpoint.o(.text)
    Data_InitToAuto                          0x08003519   Thumb Code    80  convertpoint.o(.text)
    Data_AsciiToDec                          0x08003569   Thumb Code    22  convertpoint.o(.text)
    Auto_DataProcess                         0x0800357f   Thumb Code  4700  convertpoint.o(.text)
    Position                                 0x080047db   Thumb Code   772  convertpoint.o(.text)
    Deal_EnLaserData                         0x08004adf   Thumb Code  1666  convertpoint.o(.text)
    Position_Tran                            0x08005161   Thumb Code  1366  convertpoint.o(.text)
    Deal_TranLaserDataCode                   0x080056b7   Thumb Code  1430  convertpoint.o(.text)
    Deal_TranLaserDataMotor                  0x08005c4d   Thumb Code  1442  convertpoint.o(.text)
    Flash_eepromIn                           0x08006229   Thumb Code   356  adjust.o(.text)
    Flash_Init                               0x0800638d   Thumb Code   542  adjust.o(.text)
    usMBCRC16                                0x080065c9   Thumb Code    48  mbcrc.o(.text)
    Delay_us                                 0x08006601   Thumb Code    24  i2c.o(.text)
    IIC_Init                                 0x08006619   Thumb Code    46  i2c.o(.text)
    SDA_IN                                   0x08006647   Thumb Code    66  i2c.o(.text)
    SDA_OUT                                  0x08006689   Thumb Code    66  i2c.o(.text)
    IIC_Start                                0x080066cb   Thumb Code   108  i2c.o(.text)
    IIC_Stop                                 0x08006737   Thumb Code    92  i2c.o(.text)
    IIC_Ack                                  0x08006793   Thumb Code   108  i2c.o(.text)
    IIC_NAck                                 0x080067ff   Thumb Code   108  i2c.o(.text)
    IIC_Wait_Ack                             0x0800686b   Thumb Code   150  i2c.o(.text)
    IIC_Send_Byte                            0x08006901   Thumb Code   182  i2c.o(.text)
    IIC_Read_Byte                            0x080069b7   Thumb Code   176  i2c.o(.text)
    AS5600_Init                              0x08006a6d   Thumb Code     8  as5600.o(.text)
    AS5600_Read_Len                          0x08006a75   Thumb Code   120  as5600.o(.text)
    Get_Ini_Val                              0x08006aed   Thumb Code   252  as5600.o(.text)
    Get_Num_sign                             0x08006be9   Thumb Code   224  as5600.o(.text)
    SYN_FrameInfo                            0x08006cf1   Thumb Code   122  syn6288.o(.text)
    YS_SYN_Set                               0x08006d6b   Thumb Code    24  syn6288.o(.text)
    GPIOC_Init                               0x08006d85   Thumb Code    32  adc.o(.text)
    TIM8_Configuration                       0x08006da5   Thumb Code    70  adc.o(.text)
    NVIC_InitADC                             0x08006deb   Thumb Code    66  adc.o(.text)
    ADC_Configuration                        0x08006e2d   Thumb Code   268  adc.o(.text)
    TIM8_UP_IRQHandler                       0x08006f39   Thumb Code    42  adc.o(.text)
    DMA1_Channel1_IRQHandler                 0x08006f63   Thumb Code   380  adc.o(.text)
    BSP_GPIO_Configuration                   0x08007135   Thumb Code   312  bsp.o(.text)
    BSP_RCC_Configuration                    0x0800726d   Thumb Code    90  bsp.o(.text)
    BSP_Configuration                        0x080072c7   Thumb Code    12  bsp.o(.text)
    BSP_LED_Toggle                           0x080072d3   Thumb Code    84  bsp.o(.text)
    delay_init                               0x08007341   Thumb Code    50  delay.o(.text)
    delay_us                                 0x08007373   Thumb Code    72  delay.o(.text)
    delay_ms                                 0x080073bb   Thumb Code    72  delay.o(.text)
    USART_Configuration02                    0x08007415   Thumb Code    74  usart.o(.text)
    UART_NVIC_Configuration                  0x0800745f   Thumb Code    96  usart.o(.text)
    UART_GPIO_Configuration                  0x080074bf   Thumb Code   200  usart.o(.text)
    UART_Init                                0x08007587   Thumb Code   118  usart.o(.text)
    BSP_DMA_Configuration                    0x080075fd   Thumb Code   154  usart.o(.text)
    BSP_USART_OUT02                          0x08007697   Thumb Code   192  usart.o(.text)
    USART_Send_Data02                        0x08007757   Thumb Code   108  usart.o(.text)
    REC_CRC_CHECK                            0x080077c3   Thumb Code    46  usart.o(.text)
    Num_TO_String                            0x08007821   Thumb Code   206  uart_control.o(.text)
    String_add                               0x080078ef   Thumb Code    28  uart_control.o(.text)
    Sound_Start                              0x0800790b   Thumb Code    12  uart_control.o(.text)
    Sound_HandSet                            0x08007917   Thumb Code   106  uart_control.o(.text)
    Sound_POST                               0x08007981   Thumb Code   366  uart_control.o(.text)
    Video_Control                            0x08007aef   Thumb Code   118  uart_control.o(.text)
    UART4Rx_DMA_Init                         0x08007bed   Thumb Code    80  uart_camera.o(.text)
    UART4Rx_DMA_Enable                       0x08007c3d   Thumb Code    28  uart_camera.o(.text)
    UART4Rx_DMA_Disable                      0x08007c59   Thumb Code    12  uart_camera.o(.text)
    UART4_IRQHandler                         0x08007c65   Thumb Code   174  uart_camera.o(.text)
    Camera_TxRefresh                         0x08007d13   Thumb Code   446  uart_camera.o(.text)
    Camera_RxRefresh                         0x08007ed1   Thumb Code   212  uart_camera.o(.text)
    Camera_AIselect                          0x08007fa5   Thumb Code    44  uart_camera.o(.text)
    Massage_Post                             0x08008019   Thumb Code    76  uart_485.o(.text)
    Massage_PostEnd                          0x08008065   Thumb Code     8  uart_485.o(.text)
    MCGS_Send                                0x0800806d   Thumb Code   376  uart_485.o(.text)
    Function_Modbus                          0x080081e5   Thumb Code  1214  uart_485.o(.text)
    USART1_IRQHandler                        0x080086a3   Thumb Code   110  uart_485.o(.text)
    USART2_IRQHandler                        0x08008759   Thumb Code   192  uart_tftlcd.o(.text)
    LCD_DealData                             0x08008819   Thumb Code  1482  uart_tftlcd.o(.text)
    SystemInit                               0x08008efb   Thumb Code    78  system_stm32f10x.o(.text)
    SystemCoreClockUpdate                    0x08008f49   Thumb Code   142  system_stm32f10x.o(.text)
    NVIC_PriorityGroupConfig                 0x08008ffd   Thumb Code    10  misc.o(.text)
    NVIC_Init                                0x08009007   Thumb Code   100  misc.o(.text)
    NVIC_SetVectorTable                      0x0800906b   Thumb Code    14  misc.o(.text)
    NVIC_SystemLPConfig                      0x08009079   Thumb Code    34  misc.o(.text)
    SysTick_CLKSourceConfig                  0x0800909b   Thumb Code    40  misc.o(.text)
    ADC_DeInit                               0x080090d9   Thumb Code    78  stm32f10x_adc.o(.text)
    ADC_Init                                 0x08009127   Thumb Code    70  stm32f10x_adc.o(.text)
    ADC_StructInit                           0x0800916d   Thumb Code    18  stm32f10x_adc.o(.text)
    ADC_Cmd                                  0x0800917f   Thumb Code    22  stm32f10x_adc.o(.text)
    ADC_DMACmd                               0x08009195   Thumb Code    22  stm32f10x_adc.o(.text)
    ADC_ITConfig                             0x080091ab   Thumb Code    24  stm32f10x_adc.o(.text)
    ADC_ResetCalibration                     0x080091c3   Thumb Code    10  stm32f10x_adc.o(.text)
    ADC_GetResetCalibrationStatus            0x080091cd   Thumb Code    20  stm32f10x_adc.o(.text)
    ADC_StartCalibration                     0x080091e1   Thumb Code    10  stm32f10x_adc.o(.text)
    ADC_GetCalibrationStatus                 0x080091eb   Thumb Code    20  stm32f10x_adc.o(.text)
    ADC_SoftwareStartConvCmd                 0x080091ff   Thumb Code    22  stm32f10x_adc.o(.text)
    ADC_GetSoftwareStartConvStatus           0x08009215   Thumb Code    20  stm32f10x_adc.o(.text)
    ADC_DiscModeChannelCountConfig           0x08009229   Thumb Code    24  stm32f10x_adc.o(.text)
    ADC_DiscModeCmd                          0x08009241   Thumb Code    22  stm32f10x_adc.o(.text)
    ADC_RegularChannelConfig                 0x08009257   Thumb Code   184  stm32f10x_adc.o(.text)
    ADC_ExternalTrigConvCmd                  0x0800930f   Thumb Code    22  stm32f10x_adc.o(.text)
    ADC_GetConversionValue                   0x08009325   Thumb Code     8  stm32f10x_adc.o(.text)
    ADC_GetDualModeConversionValue           0x0800932d   Thumb Code     8  stm32f10x_adc.o(.text)
    ADC_AutoInjectedConvCmd                  0x08009335   Thumb Code    22  stm32f10x_adc.o(.text)
    ADC_InjectedDiscModeCmd                  0x0800934b   Thumb Code    22  stm32f10x_adc.o(.text)
    ADC_ExternalTrigInjectedConvConfig       0x08009361   Thumb Code    16  stm32f10x_adc.o(.text)
    ADC_ExternalTrigInjectedConvCmd          0x08009371   Thumb Code    22  stm32f10x_adc.o(.text)
    ADC_SoftwareStartInjectedConvCmd         0x08009387   Thumb Code    22  stm32f10x_adc.o(.text)
    ADC_GetSoftwareStartInjectedConvCmdStatus 0x0800939d   Thumb Code    20  stm32f10x_adc.o(.text)
    ADC_InjectedChannelConfig                0x080093b1   Thumb Code   130  stm32f10x_adc.o(.text)
    ADC_InjectedSequencerLengthConfig        0x08009433   Thumb Code    24  stm32f10x_adc.o(.text)
    ADC_SetInjectedOffset                    0x0800944b   Thumb Code    20  stm32f10x_adc.o(.text)
    ADC_GetInjectedConversionValue           0x0800945f   Thumb Code    28  stm32f10x_adc.o(.text)
    ADC_AnalogWatchdogCmd                    0x0800947b   Thumb Code    16  stm32f10x_adc.o(.text)
    ADC_AnalogWatchdogThresholdsConfig       0x0800948b   Thumb Code     6  stm32f10x_adc.o(.text)
    ADC_AnalogWatchdogSingleChannelConfig    0x08009491   Thumb Code    16  stm32f10x_adc.o(.text)
    ADC_TempSensorVrefintCmd                 0x080094a1   Thumb Code    64  stm32f10x_adc.o(.text)
    ADC_GetFlagStatus                        0x080094e1   Thumb Code    18  stm32f10x_adc.o(.text)
    ADC_ClearFlag                            0x080094f3   Thumb Code     6  stm32f10x_adc.o(.text)
    ADC_GetITStatus                          0x080094f9   Thumb Code    36  stm32f10x_adc.o(.text)
    ADC_ClearITPendingBit                    0x0800951d   Thumb Code    10  stm32f10x_adc.o(.text)
    DMA_DeInit                               0x08009529   Thumb Code   324  stm32f10x_dma.o(.text)
    DMA_Init                                 0x0800966d   Thumb Code    60  stm32f10x_dma.o(.text)
    DMA_StructInit                           0x080096a9   Thumb Code    26  stm32f10x_dma.o(.text)
    DMA_Cmd                                  0x080096c3   Thumb Code    24  stm32f10x_dma.o(.text)
    DMA_ITConfig                             0x080096db   Thumb Code    18  stm32f10x_dma.o(.text)
    DMA_SetCurrDataCounter                   0x080096ed   Thumb Code     4  stm32f10x_dma.o(.text)
    DMA_GetCurrDataCounter                   0x080096f1   Thumb Code     8  stm32f10x_dma.o(.text)
    DMA_GetFlagStatus                        0x080096f9   Thumb Code    40  stm32f10x_dma.o(.text)
    DMA_ClearFlag                            0x08009721   Thumb Code    22  stm32f10x_dma.o(.text)
    DMA_GetITStatus                          0x08009737   Thumb Code    40  stm32f10x_dma.o(.text)
    DMA_ClearITPendingBit                    0x0800975f   Thumb Code    22  stm32f10x_dma.o(.text)
    FLASH_SetLatency                         0x0800977d   Thumb Code    18  stm32f10x_flash.o(.text)
    FLASH_HalfCycleAccessCmd                 0x0800978f   Thumb Code    22  stm32f10x_flash.o(.text)
    FLASH_PrefetchBufferCmd                  0x080097a5   Thumb Code    22  stm32f10x_flash.o(.text)
    FLASH_Unlock                             0x080097bb   Thumb Code    12  stm32f10x_flash.o(.text)
    FLASH_UnlockBank1                        0x080097c7   Thumb Code    12  stm32f10x_flash.o(.text)
    FLASH_Lock                               0x080097d3   Thumb Code    14  stm32f10x_flash.o(.text)
    FLASH_LockBank1                          0x080097e1   Thumb Code    14  stm32f10x_flash.o(.text)
    FLASH_GetBank1Status                     0x080097ef   Thumb Code    48  stm32f10x_flash.o(.text)
    FLASH_WaitForLastOperation               0x0800981f   Thumb Code    38  stm32f10x_flash.o(.text)
    FLASH_ErasePage                          0x08009845   Thumb Code    72  stm32f10x_flash.o(.text)
    FLASH_EraseAllPages                      0x0800988d   Thumb Code    68  stm32f10x_flash.o(.text)
    FLASH_WaitForLastBank1Operation          0x080098d1   Thumb Code    38  stm32f10x_flash.o(.text)
    FLASH_EraseAllBank1Pages                 0x080098f7   Thumb Code    68  stm32f10x_flash.o(.text)
    FLASH_GetReadOutProtectionStatus         0x0800993b   Thumb Code    20  stm32f10x_flash.o(.text)
    FLASH_EraseOptionBytes                   0x0800994f   Thumb Code   150  stm32f10x_flash.o(.text)
    FLASH_ProgramWord                        0x080099e5   Thumb Code   102  stm32f10x_flash.o(.text)
    FLASH_ProgramHalfWord                    0x08009a4b   Thumb Code    60  stm32f10x_flash.o(.text)
    FLASH_ProgramOptionByteData              0x08009a87   Thumb Code    72  stm32f10x_flash.o(.text)
    FLASH_EnableWriteProtection              0x08009acf   Thumb Code   200  stm32f10x_flash.o(.text)
    FLASH_ReadOutProtection                  0x08009b97   Thumb Code   156  stm32f10x_flash.o(.text)
    FLASH_UserOptionByteConfig               0x08009c33   Thumb Code    88  stm32f10x_flash.o(.text)
    FLASH_GetUserOptionByte                  0x08009c8b   Thumb Code     8  stm32f10x_flash.o(.text)
    FLASH_GetWriteProtectionOptionByte       0x08009c93   Thumb Code     6  stm32f10x_flash.o(.text)
    FLASH_GetPrefetchBufferStatus            0x08009c99   Thumb Code    20  stm32f10x_flash.o(.text)
    FLASH_ITConfig                           0x08009cad   Thumb Code    26  stm32f10x_flash.o(.text)
    FLASH_GetFlagStatus                      0x08009cc7   Thumb Code    42  stm32f10x_flash.o(.text)
    FLASH_ClearFlag                          0x08009cf1   Thumb Code     6  stm32f10x_flash.o(.text)
    FLASH_GetStatus                          0x08009cf7   Thumb Code    48  stm32f10x_flash.o(.text)
    GPIO_DeInit                              0x08009d39   Thumb Code   172  stm32f10x_gpio.o(.text)
    GPIO_AFIODeInit                          0x08009de5   Thumb Code    20  stm32f10x_gpio.o(.text)
    GPIO_Init                                0x08009df9   Thumb Code   278  stm32f10x_gpio.o(.text)
    GPIO_StructInit                          0x08009f0f   Thumb Code    16  stm32f10x_gpio.o(.text)
    GPIO_ReadInputDataBit                    0x08009f1f   Thumb Code    18  stm32f10x_gpio.o(.text)
    GPIO_ReadInputData                       0x08009f31   Thumb Code     8  stm32f10x_gpio.o(.text)
    GPIO_ReadOutputDataBit                   0x08009f39   Thumb Code    18  stm32f10x_gpio.o(.text)
    GPIO_ReadOutputData                      0x08009f4b   Thumb Code     8  stm32f10x_gpio.o(.text)
    GPIO_SetBits                             0x08009f53   Thumb Code     4  stm32f10x_gpio.o(.text)
    GPIO_ResetBits                           0x08009f57   Thumb Code     4  stm32f10x_gpio.o(.text)
    GPIO_WriteBit                            0x08009f5b   Thumb Code    10  stm32f10x_gpio.o(.text)
    GPIO_Write                               0x08009f65   Thumb Code     4  stm32f10x_gpio.o(.text)
    GPIO_PinLockConfig                       0x08009f69   Thumb Code    18  stm32f10x_gpio.o(.text)
    GPIO_EventOutputConfig                   0x08009f7b   Thumb Code    26  stm32f10x_gpio.o(.text)
    GPIO_EventOutputCmd                      0x08009f95   Thumb Code     6  stm32f10x_gpio.o(.text)
    GPIO_PinRemapConfig                      0x08009f9b   Thumb Code   138  stm32f10x_gpio.o(.text)
    GPIO_EXTILineConfig                      0x0800a025   Thumb Code    66  stm32f10x_gpio.o(.text)
    GPIO_ETH_MediaInterfaceConfig            0x0800a067   Thumb Code     8  stm32f10x_gpio.o(.text)
    RCC_DeInit                               0x0800a095   Thumb Code    64  stm32f10x_rcc.o(.text)
    RCC_HSEConfig                            0x0800a0d5   Thumb Code    70  stm32f10x_rcc.o(.text)
    RCC_GetFlagStatus                        0x0800a11b   Thumb Code    56  stm32f10x_rcc.o(.text)
    RCC_WaitForHSEStartUp                    0x0800a153   Thumb Code    56  stm32f10x_rcc.o(.text)
    RCC_AdjustHSICalibrationValue            0x0800a18b   Thumb Code    20  stm32f10x_rcc.o(.text)
    RCC_HSICmd                               0x0800a19f   Thumb Code     6  stm32f10x_rcc.o(.text)
    RCC_PLLConfig                            0x0800a1a5   Thumb Code    24  stm32f10x_rcc.o(.text)
    RCC_PLLCmd                               0x0800a1bd   Thumb Code     6  stm32f10x_rcc.o(.text)
    RCC_SYSCLKConfig                         0x0800a1c3   Thumb Code    18  stm32f10x_rcc.o(.text)
    RCC_GetSYSCLKSource                      0x0800a1d5   Thumb Code    10  stm32f10x_rcc.o(.text)
    RCC_HCLKConfig                           0x0800a1df   Thumb Code    18  stm32f10x_rcc.o(.text)
    RCC_PCLK1Config                          0x0800a1f1   Thumb Code    18  stm32f10x_rcc.o(.text)
    RCC_PCLK2Config                          0x0800a203   Thumb Code    20  stm32f10x_rcc.o(.text)
    RCC_ITConfig                             0x0800a217   Thumb Code    26  stm32f10x_rcc.o(.text)
    RCC_USBCLKConfig                         0x0800a231   Thumb Code     8  stm32f10x_rcc.o(.text)
    RCC_ADCCLKConfig                         0x0800a239   Thumb Code    18  stm32f10x_rcc.o(.text)
    RCC_LSEConfig                            0x0800a24b   Thumb Code    50  stm32f10x_rcc.o(.text)
    RCC_LSICmd                               0x0800a27d   Thumb Code     6  stm32f10x_rcc.o(.text)
    RCC_RTCCLKConfig                         0x0800a283   Thumb Code    12  stm32f10x_rcc.o(.text)
    RCC_RTCCLKCmd                            0x0800a28f   Thumb Code     8  stm32f10x_rcc.o(.text)
    RCC_GetClocksFreq                        0x0800a297   Thumb Code   192  stm32f10x_rcc.o(.text)
    RCC_AHBPeriphClockCmd                    0x0800a357   Thumb Code    26  stm32f10x_rcc.o(.text)
    RCC_APB2PeriphClockCmd                   0x0800a371   Thumb Code    26  stm32f10x_rcc.o(.text)
    RCC_APB1PeriphClockCmd                   0x0800a38b   Thumb Code    26  stm32f10x_rcc.o(.text)
    RCC_APB2PeriphResetCmd                   0x0800a3a5   Thumb Code    26  stm32f10x_rcc.o(.text)
    RCC_APB1PeriphResetCmd                   0x0800a3bf   Thumb Code    26  stm32f10x_rcc.o(.text)
    RCC_BackupResetCmd                       0x0800a3d9   Thumb Code     8  stm32f10x_rcc.o(.text)
    RCC_ClockSecuritySystemCmd               0x0800a3e1   Thumb Code     6  stm32f10x_rcc.o(.text)
    RCC_MCOConfig                            0x0800a3e7   Thumb Code     6  stm32f10x_rcc.o(.text)
    RCC_ClearFlag                            0x0800a3ed   Thumb Code    14  stm32f10x_rcc.o(.text)
    RCC_GetITStatus                          0x0800a3fb   Thumb Code    20  stm32f10x_rcc.o(.text)
    RCC_ClearITPendingBit                    0x0800a40f   Thumb Code     6  stm32f10x_rcc.o(.text)
    TIM_DeInit                               0x0800a439   Thumb Code   424  stm32f10x_tim.o(.text)
    TIM_TimeBaseInit                         0x0800a5e1   Thumb Code   122  stm32f10x_tim.o(.text)
    TIM_OC1Init                              0x0800a65b   Thumb Code   132  stm32f10x_tim.o(.text)
    TIM_OC2Init                              0x0800a6df   Thumb Code   154  stm32f10x_tim.o(.text)
    TIM_OC3Init                              0x0800a779   Thumb Code   150  stm32f10x_tim.o(.text)
    TIM_OC4Init                              0x0800a80f   Thumb Code   182  stm32f10x_tim.o(.text)
    TIM_SetIC4Prescaler                      0x0800a8c5   Thumb Code    26  stm32f10x_tim.o(.text)
    TIM_SetIC3Prescaler                      0x0800a961   Thumb Code    18  stm32f10x_tim.o(.text)
    TIM_SetIC2Prescaler                      0x0800a9ed   Thumb Code    26  stm32f10x_tim.o(.text)
    TIM_SetIC1Prescaler                      0x0800aa89   Thumb Code    18  stm32f10x_tim.o(.text)
    TIM_ICInit                               0x0800ab07   Thumb Code   150  stm32f10x_tim.o(.text)
    TIM_PWMIConfig                           0x0800ab9d   Thumb Code   124  stm32f10x_tim.o(.text)
    TIM_BDTRConfig                           0x0800ac19   Thumb Code    32  stm32f10x_tim.o(.text)
    TIM_TimeBaseStructInit                   0x0800ac39   Thumb Code    18  stm32f10x_tim.o(.text)
    TIM_OCStructInit                         0x0800ac4b   Thumb Code    20  stm32f10x_tim.o(.text)
    TIM_ICStructInit                         0x0800ac5f   Thumb Code    18  stm32f10x_tim.o(.text)
    TIM_BDTRStructInit                       0x0800ac71   Thumb Code    40  stm32f10x_tim.o(.text)
    TIM_Cmd                                  0x0800ac99   Thumb Code    24  stm32f10x_tim.o(.text)
    TIM_CtrlPWMOutputs                       0x0800acb1   Thumb Code    30  stm32f10x_tim.o(.text)
    TIM_ITConfig                             0x0800accf   Thumb Code    18  stm32f10x_tim.o(.text)
    TIM_GenerateEvent                        0x0800ace1   Thumb Code     4  stm32f10x_tim.o(.text)
    TIM_DMAConfig                            0x0800ace5   Thumb Code    10  stm32f10x_tim.o(.text)
    TIM_DMACmd                               0x0800acef   Thumb Code    18  stm32f10x_tim.o(.text)
    TIM_InternalClockConfig                  0x0800ad01   Thumb Code    12  stm32f10x_tim.o(.text)
    TIM_SelectInputTrigger                   0x0800ad0d   Thumb Code    18  stm32f10x_tim.o(.text)
    TIM_ITRxExternalClockConfig              0x0800ad1f   Thumb Code    24  stm32f10x_tim.o(.text)
    TIM_TIxExternalClockConfig               0x0800ad37   Thumb Code    62  stm32f10x_tim.o(.text)
    TIM_ETRConfig                            0x0800ad75   Thumb Code    28  stm32f10x_tim.o(.text)
    TIM_ETRClockMode1Config                  0x0800ad91   Thumb Code    54  stm32f10x_tim.o(.text)
    TIM_ETRClockMode2Config                  0x0800adc7   Thumb Code    32  stm32f10x_tim.o(.text)
    TIM_PrescalerConfig                      0x0800ade7   Thumb Code     6  stm32f10x_tim.o(.text)
    TIM_CounterModeConfig                    0x0800aded   Thumb Code    18  stm32f10x_tim.o(.text)
    TIM_EncoderInterfaceConfig               0x0800adff   Thumb Code    66  stm32f10x_tim.o(.text)
    TIM_ForcedOC1Config                      0x0800ae41   Thumb Code    18  stm32f10x_tim.o(.text)
    TIM_ForcedOC2Config                      0x0800ae53   Thumb Code    26  stm32f10x_tim.o(.text)
    TIM_ForcedOC3Config                      0x0800ae6d   Thumb Code    18  stm32f10x_tim.o(.text)
    TIM_ForcedOC4Config                      0x0800ae7f   Thumb Code    26  stm32f10x_tim.o(.text)
    TIM_ARRPreloadConfig                     0x0800ae99   Thumb Code    24  stm32f10x_tim.o(.text)
    TIM_SelectCOM                            0x0800aeb1   Thumb Code    24  stm32f10x_tim.o(.text)
    TIM_SelectCCDMA                          0x0800aec9   Thumb Code    24  stm32f10x_tim.o(.text)
    TIM_CCPreloadControl                     0x0800aee1   Thumb Code    24  stm32f10x_tim.o(.text)
    TIM_OC1PreloadConfig                     0x0800aef9   Thumb Code    18  stm32f10x_tim.o(.text)
    TIM_OC2PreloadConfig                     0x0800af0b   Thumb Code    26  stm32f10x_tim.o(.text)
    TIM_OC3PreloadConfig                     0x0800af25   Thumb Code    18  stm32f10x_tim.o(.text)
    TIM_OC4PreloadConfig                     0x0800af37   Thumb Code    26  stm32f10x_tim.o(.text)
    TIM_OC1FastConfig                        0x0800af51   Thumb Code    18  stm32f10x_tim.o(.text)
    TIM_OC2FastConfig                        0x0800af63   Thumb Code    26  stm32f10x_tim.o(.text)
    TIM_OC3FastConfig                        0x0800af7d   Thumb Code    18  stm32f10x_tim.o(.text)
    TIM_OC4FastConfig                        0x0800af8f   Thumb Code    26  stm32f10x_tim.o(.text)
    TIM_ClearOC1Ref                          0x0800afa9   Thumb Code    18  stm32f10x_tim.o(.text)
    TIM_ClearOC2Ref                          0x0800afbb   Thumb Code    24  stm32f10x_tim.o(.text)
    TIM_ClearOC3Ref                          0x0800afd3   Thumb Code    18  stm32f10x_tim.o(.text)
    TIM_ClearOC4Ref                          0x0800afe5   Thumb Code    24  stm32f10x_tim.o(.text)
    TIM_OC1PolarityConfig                    0x0800affd   Thumb Code    18  stm32f10x_tim.o(.text)
    TIM_OC1NPolarityConfig                   0x0800b00f   Thumb Code    18  stm32f10x_tim.o(.text)
    TIM_OC2PolarityConfig                    0x0800b021   Thumb Code    26  stm32f10x_tim.o(.text)
    TIM_OC2NPolarityConfig                   0x0800b03b   Thumb Code    26  stm32f10x_tim.o(.text)
    TIM_OC3PolarityConfig                    0x0800b055   Thumb Code    26  stm32f10x_tim.o(.text)
    TIM_OC3NPolarityConfig                   0x0800b06f   Thumb Code    26  stm32f10x_tim.o(.text)
    TIM_OC4PolarityConfig                    0x0800b089   Thumb Code    26  stm32f10x_tim.o(.text)
    TIM_CCxCmd                               0x0800b0a3   Thumb Code    30  stm32f10x_tim.o(.text)
    TIM_CCxNCmd                              0x0800b0c1   Thumb Code    30  stm32f10x_tim.o(.text)
    TIM_SelectOCxM                           0x0800b0df   Thumb Code    82  stm32f10x_tim.o(.text)
    TIM_UpdateDisableConfig                  0x0800b131   Thumb Code    24  stm32f10x_tim.o(.text)
    TIM_UpdateRequestConfig                  0x0800b149   Thumb Code    24  stm32f10x_tim.o(.text)
    TIM_SelectHallSensor                     0x0800b161   Thumb Code    24  stm32f10x_tim.o(.text)
    TIM_SelectOnePulseMode                   0x0800b179   Thumb Code    18  stm32f10x_tim.o(.text)
    TIM_SelectOutputTrigger                  0x0800b18b   Thumb Code    18  stm32f10x_tim.o(.text)
    TIM_SelectSlaveMode                      0x0800b19d   Thumb Code    18  stm32f10x_tim.o(.text)
    TIM_SelectMasterSlaveMode                0x0800b1af   Thumb Code    18  stm32f10x_tim.o(.text)
    TIM_SetCounter                           0x0800b1c1   Thumb Code     4  stm32f10x_tim.o(.text)
    TIM_SetAutoreload                        0x0800b1c5   Thumb Code     4  stm32f10x_tim.o(.text)
    TIM_SetCompare1                          0x0800b1c9   Thumb Code     4  stm32f10x_tim.o(.text)
    TIM_SetCompare2                          0x0800b1cd   Thumb Code     4  stm32f10x_tim.o(.text)
    TIM_SetCompare3                          0x0800b1d1   Thumb Code     4  stm32f10x_tim.o(.text)
    TIM_SetCompare4                          0x0800b1d5   Thumb Code     6  stm32f10x_tim.o(.text)
    TIM_SetClockDivision                     0x0800b1db   Thumb Code    18  stm32f10x_tim.o(.text)
    TIM_GetCapture1                          0x0800b1ed   Thumb Code     6  stm32f10x_tim.o(.text)
    TIM_GetCapture2                          0x0800b1f3   Thumb Code     6  stm32f10x_tim.o(.text)
    TIM_GetCapture3                          0x0800b1f9   Thumb Code     6  stm32f10x_tim.o(.text)
    TIM_GetCapture4                          0x0800b1ff   Thumb Code     8  stm32f10x_tim.o(.text)
    TIM_GetCounter                           0x0800b207   Thumb Code     6  stm32f10x_tim.o(.text)
    TIM_GetPrescaler                         0x0800b20d   Thumb Code     6  stm32f10x_tim.o(.text)
    TIM_GetFlagStatus                        0x0800b213   Thumb Code    18  stm32f10x_tim.o(.text)
    TIM_ClearFlag                            0x0800b225   Thumb Code     6  stm32f10x_tim.o(.text)
    TIM_GetITStatus                          0x0800b22b   Thumb Code    34  stm32f10x_tim.o(.text)
    TIM_ClearITPendingBit                    0x0800b24d   Thumb Code     6  stm32f10x_tim.o(.text)
    USART_DeInit                             0x0800b255   Thumb Code   134  stm32f10x_usart.o(.text)
    USART_Init                               0x0800b2db   Thumb Code   210  stm32f10x_usart.o(.text)
    USART_StructInit                         0x0800b3ad   Thumb Code    24  stm32f10x_usart.o(.text)
    USART_ClockInit                          0x0800b3c5   Thumb Code    34  stm32f10x_usart.o(.text)
    USART_ClockStructInit                    0x0800b3e7   Thumb Code    12  stm32f10x_usart.o(.text)
    USART_Cmd                                0x0800b3f3   Thumb Code    24  stm32f10x_usart.o(.text)
    USART_ITConfig                           0x0800b40b   Thumb Code    74  stm32f10x_usart.o(.text)
    USART_DMACmd                             0x0800b455   Thumb Code    18  stm32f10x_usart.o(.text)
    USART_SetAddress                         0x0800b467   Thumb Code    18  stm32f10x_usart.o(.text)
    USART_WakeUpConfig                       0x0800b479   Thumb Code    18  stm32f10x_usart.o(.text)
    USART_ReceiverWakeUpCmd                  0x0800b48b   Thumb Code    24  stm32f10x_usart.o(.text)
    USART_LINBreakDetectLengthConfig         0x0800b4a3   Thumb Code    18  stm32f10x_usart.o(.text)
    USART_LINCmd                             0x0800b4b5   Thumb Code    24  stm32f10x_usart.o(.text)
    USART_SendData                           0x0800b4cd   Thumb Code     8  stm32f10x_usart.o(.text)
    USART_ReceiveData                        0x0800b4d5   Thumb Code    10  stm32f10x_usart.o(.text)
    USART_SendBreak                          0x0800b4df   Thumb Code    10  stm32f10x_usart.o(.text)
    USART_SetGuardTime                       0x0800b4e9   Thumb Code    16  stm32f10x_usart.o(.text)
    USART_SetPrescaler                       0x0800b4f9   Thumb Code    16  stm32f10x_usart.o(.text)
    USART_SmartCardCmd                       0x0800b509   Thumb Code    24  stm32f10x_usart.o(.text)
    USART_SmartCardNACKCmd                   0x0800b521   Thumb Code    24  stm32f10x_usart.o(.text)
    USART_HalfDuplexCmd                      0x0800b539   Thumb Code    24  stm32f10x_usart.o(.text)
    USART_OverSampling8Cmd                   0x0800b551   Thumb Code    22  stm32f10x_usart.o(.text)
    USART_OneBitMethodCmd                    0x0800b567   Thumb Code    24  stm32f10x_usart.o(.text)
    USART_IrDAConfig                         0x0800b57f   Thumb Code    18  stm32f10x_usart.o(.text)
    USART_IrDACmd                            0x0800b591   Thumb Code    24  stm32f10x_usart.o(.text)
    USART_GetFlagStatus                      0x0800b5a9   Thumb Code    26  stm32f10x_usart.o(.text)
    USART_ClearFlag                          0x0800b5c3   Thumb Code    18  stm32f10x_usart.o(.text)
    USART_GetITStatus                        0x0800b5d5   Thumb Code    84  stm32f10x_usart.o(.text)
    USART_ClearITPendingBit                  0x0800b629   Thumb Code    52  stm32f10x_usart.o(.text)
    __aeabi_memcpy                           0x0800b65d   Thumb Code    36  memcpya.o(.text)
    __aeabi_memcpy4                          0x0800b65d   Thumb Code     0  memcpya.o(.text)
    __aeabi_memcpy8                          0x0800b65d   Thumb Code     0  memcpya.o(.text)
    __aeabi_memset                           0x0800b681   Thumb Code    14  memseta.o(.text)
    __aeabi_memset4                          0x0800b681   Thumb Code     0  memseta.o(.text)
    __aeabi_memset8                          0x0800b681   Thumb Code     0  memseta.o(.text)
    __aeabi_memclr                           0x0800b68f   Thumb Code     4  memseta.o(.text)
    __aeabi_memclr4                          0x0800b68f   Thumb Code     0  memseta.o(.text)
    __aeabi_memclr8                          0x0800b68f   Thumb Code     0  memseta.o(.text)
    _memset$wrapper                          0x0800b693   Thumb Code    18  memseta.o(.text)
    strlen                                   0x0800b6a5   Thumb Code    14  strlen.o(.text)
    __aeabi_fadd                             0x0800b6b3   Thumb Code   164  fadd.o(.text)
    __aeabi_fsub                             0x0800b757   Thumb Code     6  fadd.o(.text)
    __aeabi_frsub                            0x0800b75d   Thumb Code     6  fadd.o(.text)
    __aeabi_fmul                             0x0800b763   Thumb Code   100  fmul.o(.text)
    __aeabi_fdiv                             0x0800b7c7   Thumb Code   124  fdiv.o(.text)
    __aeabi_dadd                             0x0800b843   Thumb Code   322  dadd.o(.text)
    __aeabi_dsub                             0x0800b985   Thumb Code     6  dadd.o(.text)
    __aeabi_drsub                            0x0800b98b   Thumb Code     6  dadd.o(.text)
    __aeabi_dmul                             0x0800b991   Thumb Code   228  dmul.o(.text)
    __aeabi_ddiv                             0x0800ba75   Thumb Code   222  ddiv.o(.text)
    __aeabi_i2f                              0x0800bb53   Thumb Code    18  fflti.o(.text)
    __aeabi_i2d                              0x0800bb65   Thumb Code    34  dflti.o(.text)
    __aeabi_ui2d                             0x0800bb87   Thumb Code    26  dfltui.o(.text)
    __aeabi_f2iz                             0x0800bba1   Thumb Code    50  ffixi.o(.text)
    __aeabi_d2iz                             0x0800bbd3   Thumb Code    62  dfixi.o(.text)
    __aeabi_d2uiz                            0x0800bc11   Thumb Code    50  dfixui.o(.text)
    __aeabi_f2d                              0x0800bc43   Thumb Code    38  f2d.o(.text)
    __aeabi_cdcmpeq                          0x0800bc69   Thumb Code     0  cdcmple.o(.text)
    __aeabi_cdcmple                          0x0800bc69   Thumb Code    48  cdcmple.o(.text)
    __aeabi_cdrcmple                         0x0800bc99   Thumb Code    48  cdrcmple.o(.text)
    __aeabi_d2f                              0x0800bcc9   Thumb Code    56  d2f.o(.text)
    __aeabi_cfcmpeq                          0x0800bd01   Thumb Code     0  cfcmple.o(.text)
    __aeabi_cfcmple                          0x0800bd01   Thumb Code    20  cfcmple.o(.text)
    __aeabi_cfrcmple                         0x0800bd15   Thumb Code    20  cfrcmple.o(.text)
    __aeabi_llsl                             0x0800bd29   Thumb Code    30  llshl.o(.text)
    _ll_shift_l                              0x0800bd29   Thumb Code     0  llshl.o(.text)
    __aeabi_llsr                             0x0800bd47   Thumb Code    32  llushr.o(.text)
    _ll_ushift_r                             0x0800bd47   Thumb Code     0  llushr.o(.text)
    __aeabi_lasr                             0x0800bd67   Thumb Code    36  llsshr.o(.text)
    _ll_sshift_r                             0x0800bd67   Thumb Code     0  llsshr.o(.text)
    __I$use$fp                               0x0800bd8b   Thumb Code     0  iusefp.o(.text)
    _float_round                             0x0800bd8b   Thumb Code    18  fepilogue.o(.text)
    _float_epilogue                          0x0800bd9d   Thumb Code    92  fepilogue.o(.text)
    _double_round                            0x0800bdf9   Thumb Code    30  depilogue.o(.text)
    _double_epilogue                         0x0800be17   Thumb Code   156  depilogue.o(.text)
    __ARM_scalbn                             0x0800beb3   Thumb Code    46  dscalb.o(.text)
    scalbn                                   0x0800beb3   Thumb Code     0  dscalb.o(.text)
    _dsqrt                                   0x0800bee1   Thumb Code   162  dsqrt.o(.text)
    __scatterload                            0x0800bf85   Thumb Code    28  init.o(.text)
    __scatterload_rt2                        0x0800bf85   Thumb Code     0  init.o(.text)
    __decompress                             0x0800bfa9   Thumb Code     0  __dczerorl2.o(.text)
    __decompress1                            0x0800bfa9   Thumb Code    86  __dczerorl2.o(.text)
    __ARM_fpclassify                         0x0800bfff   Thumb Code    40  fpclassify.o(i.__ARM_fpclassify)
    __ieee754_rem_pio2                       0x0800c029   Thumb Code   828  rred.o(i.__ieee754_rem_pio2)
    __kernel_poly                            0x0800c3b1   Thumb Code   170  poly.o(i.__kernel_poly)
    __kernel_tan                             0x0800c45d   Thumb Code   586  tan_i.o(i.__kernel_tan)
    __mathlib_dbl_infnan                     0x0800c6d9   Thumb Code     6  dunder.o(i.__mathlib_dbl_infnan)
    __mathlib_dbl_invalid                    0x0800c6df   Thumb Code    12  dunder.o(i.__mathlib_dbl_invalid)
    __mathlib_dbl_underflow                  0x0800c6ed   Thumb Code    10  dunder.o(i.__mathlib_dbl_underflow)
    __scatterload_copy                       0x0800c6fd   Thumb Code    14  handlers.o(i.__scatterload_copy)
    __scatterload_null                       0x0800c70b   Thumb Code     2  handlers.o(i.__scatterload_null)
    __scatterload_zeroinit                   0x0800c70d   Thumb Code    14  handlers.o(i.__scatterload_zeroinit)
    __set_errno                              0x0800c71d   Thumb Code     6  errno.o(i.__set_errno)
    atan                                     0x0800c729   Thumb Code   474  atan.o(i.atan)
    sqrt                                     0x0800c949   Thumb Code    76  sqrt.o(i.sqrt)
    tan                                      0x0800c995   Thumb Code    90  tan.o(i.tan)
    Res_PosInit                              0x0800ca78   Data        5000  convertpoint.o(.constdata)
    Region$$Table$$Base                      0x0800e240   Number         0  anon$$obj.o(Region$$Table)
    Region$$Table$$Limit                     0x0800e260   Number         0  anon$$obj.o(Region$$Table)
    HollowPage_flag                          0x20000000   Data           1  main.o(.data)
    Select_SetHang                           0x20000001   Data           1  main.o(.data)
    Select_ItemMode                          0x20000002   Data           1  main.o(.data)
    Select_Shape                             0x20000003   Data           3  main.o(.data)
    Select_Color                             0x20000006   Data           3  main.o(.data)
    Select_Background                        0x20000009   Data           1  main.o(.data)
    Timer2_Cnt1                              0x2000000c   Data           4  timer.o(.data)
    Timer3_Cnt1                              0x20000010   Data           4  timer.o(.data)
    TC1_SNumX                                0x20000014   Data           1  timer.o(.data)
    TC1_SNumY                                0x20000015   Data           1  timer.o(.data)
    TC1_MOTspeed                             0x20000018   Data           4  timer.o(.data)
    TC1_flagX                                0x2000001c   Data           4  timer.o(.data)
    TC1_flagY                                0x20000020   Data           4  timer.o(.data)
    TimingDelay                              0x20000024   Data           4  boardvariable.o(.data)
    Presskey_val                             0x20000028   Data           1  boardvariable.o(.data)
    Matrixkey_val                            0x20000029   Data           1  boardvariable.o(.data)
    Rece_Time                                0x2000002a   Data           1  boardvariable.o(.data)
    Rece_TimeOut                             0x2000002b   Data           1  boardvariable.o(.data)
    Rece_RxCounter                           0x2000002c   Data           1  boardvariable.o(.data)
    Rece_bit                                 0x2000002d   Data           1  boardvariable.o(.data)
    MCGS_Sendform                            0x2000002e   Data           1  boardvariable.o(.data)
    MCGS_Message                             0x2000002f   Data           1  boardvariable.o(.data)
    Send_CRC                                 0x20000030   Data           2  boardvariable.o(.data)
    Video_HandControl                        0x20000032   Data           1  boardvariable.o(.data)
    Video_State                              0x20000033   Data           1  boardvariable.o(.data)
    Video_Mode                               0x20000034   Data           1  boardvariable.o(.data)
    Video_timeflag                           0x20000035   Data           1  boardvariable.o(.data)
    Video_timesec                            0x20000036   Data           2  boardvariable.o(.data)
    Video_timemisec                          0x20000038   Data           2  boardvariable.o(.data)
    Video_TxSend                             0x2000003a   Data           5  boardvariable.o(.data)
    Cam_RxNum                                0x20000040   Data           2  boardvariable.o(.data)
    Cam_Rxflag                               0x20000042   Data           1  boardvariable.o(.data)
    USB_BeatNUM                              0x20000043   Data           1  boardvariable.o(.data)
    W5500_Send_Delay_Counter                 0x20000044   Data           2  boardvariable.o(.data)
    Laser_State                              0x20000046   Data           1  boardvariable.o(.data)
    Laser_OpenFlag                           0x20000047   Data           1  boardvariable.o(.data)
    Laser_OpenTimeout                        0x20000048   Data           2  boardvariable.o(.data)
    Laser_ScreenX                            0x2000004c   Data           4  boardvariable.o(.data)
    Laser_ScreenY                            0x20000050   Data           4  boardvariable.o(.data)
    Laser_ScrnSaveX                          0x20000054   Data           4  boardvariable.o(.data)
    Laser_ScrnSaveY                          0x20000058   Data           4  boardvariable.o(.data)
    Run_Xmotor                               0x2000005c   Data           4  boardvariable.o(.data)
    Run_Ymotor                               0x20000060   Data           4  boardvariable.o(.data)
    MOT_DirX                                 0x20000064   Data           2  boardvariable.o(.data)
    MOT_DirY                                 0x20000066   Data           2  boardvariable.o(.data)
    Run_Xnum                                 0x20000068   Data           4  boardvariable.o(.data)
    Run_Ynum                                 0x2000006c   Data           4  boardvariable.o(.data)
    Obj_DataX                                0x20000070   Data           4  boardvariable.o(.data)
    Obj_DataY                                0x20000074   Data           4  boardvariable.o(.data)
    C_shiftflag                              0x20000078   Data           2  boardvariable.o(.data)
    Hand_MotorAdd                            0x2000007a   Data           2  boardvariable.o(.data)
    IIC_GetInit                              0x2000007c   Data           1  boardvariable.o(.data)
    PTZ_JiaoZhun_USE                         0x2000007d   Data           1  boardvariable.o(.data)
    System_flag                              0x2000007e   Data           1  boardvariable.o(.data)
    BUZZER_flag                              0x2000007f   Data           1  boardvariable.o(.data)
    BUZZER_Count                             0x20000080   Data           2  boardvariable.o(.data)
    System_TimeCnt                           0x20000084   Data           4  boardvariable.o(.data)
    System_Timer                             0x20000088   Data           4  boardvariable.o(.data)
    SysTime_Hour                             0x2000008c   Data           4  boardvariable.o(.data)
    SysTime_Minute                           0x20000090   Data           4  boardvariable.o(.data)
    SysTime_Second                           0x20000094   Data           4  boardvariable.o(.data)
    LCD_Refreshflag                          0x20000098   Data           4  boardvariable.o(.data)
    LCD_Refreshsec                           0x2000009c   Data           4  boardvariable.o(.data)
    Screen_OriginPosition                    0x200000a0   Data           1  boardvariable.o(.data)
    Screen_XSizeMax                          0x200000a4   Data           4  boardvariable.o(.data)
    Screen_YSizeMax                          0x200000a8   Data           4  boardvariable.o(.data)
    Screen_XRealOffset                       0x200000ac   Data           4  boardvariable.o(.data)
    Screen_YRealOffset                       0x200000b0   Data           4  boardvariable.o(.data)
    Screen_XRealZero                         0x200000b4   Data           4  boardvariable.o(.data)
    Screen_YRealZero                         0x200000b8   Data           4  boardvariable.o(.data)
    Set_flag                                 0x200000bc   Data           1  boardvariable.o(.data)
    LCD_flag                                 0x200000bd   Data           1  boardvariable.o(.data)
    LCD_AutoEnter                            0x200000be   Data           1  boardvariable.o(.data)
    LCD_ReTime                               0x200000bf   Data           1  boardvariable.o(.data)
    LCD_PicSuccess                           0x200000c0   Data           1  boardvariable.o(.data)
    Pic_Success                              0x200000c1   Data           1  boardvariable.o(.data)
    Auto_Running                             0x200000c2   Data           1  boardvariable.o(.data)
    Auto_RunTimeflag                         0x200000c3   Data           1  boardvariable.o(.data)
    Auto_RunTimesec                          0x200000c4   Data           2  boardvariable.o(.data)
    Auto_RunTimemisec                        0x200000c6   Data           2  boardvariable.o(.data)
    Page_Up                                  0x200000c8   Data           1  boardvariable.o(.data)
    Page_Down                                0x200000c9   Data           1  boardvariable.o(.data)
    Material_Xinxi                           0x200000ca   Data           1  boardvariable.o(.data)
    Material_TimeOut                         0x200000cc   Data           2  boardvariable.o(.data)
    Material_Color                           0x200000ce   Data           1  boardvariable.o(.data)
    Material_Shape                           0x200000cf   Data           1  boardvariable.o(.data)
    Material_Number                          0x200000d0   Data           1  boardvariable.o(.data)
    Material_PicX                            0x200000d2   Data           2  boardvariable.o(.data)
    Material_PicY                            0x200000d4   Data           2  boardvariable.o(.data)
    MaterialF1_Num                           0x200000d6   Data           1  boardvariable.o(.data)
    MaterialF2_Num                           0x200000d7   Data           1  boardvariable.o(.data)
    MaterialF3_Num                           0x200000d8   Data           1  boardvariable.o(.data)
    YGHand_flag                              0x200000d9   Data           1  boardvariable.o(.data)
    YGHand_dirX                              0x200000da   Data           1  boardvariable.o(.data)
    YGHand_dirY                              0x200000db   Data           1  boardvariable.o(.data)
    AN1_flag                                 0x200000dc   Data           1  boardvariable.o(.data)
    GS_StartFlag                             0x200000dd   Data           1  boardvariable.o(.data)
    Loop_Runing                              0x200000de   Data           1  boardvariable.o(.data)
    Loop_RunHoldtime                         0x200000df   Data           1  boardvariable.o(.data)
    Camera_mode                              0x200000e0   Data           4  boardvariable.o(.data)
    ValIN_Setwei                             0x200000e4   Data           1  operatea.o(.data)
    ValIN_count                              0x200000e5   Data           1  operatea.o(.data)
    ValIN_eachlen                            0x200000e8   Data          60  operatea.o(.data)
    ValIN_eachmax                            0x20000124   Data          60  operatea.o(.data)
    PTZ_PID_num                              0x20000160   Data           1  function.o(.data)
    Res_Dealcnt                              0x20000164   Data           4  convertpoint.o(.data)
    Res_Dealover                             0x20000168   Data           1  convertpoint.o(.data)
    Res_Precnt                               0x2000016c   Data           4  convertpoint.o(.data)
    Res_Trackcnt                             0x20000170   Data           4  convertpoint.o(.data)
    Res_FollowSum                            0x20000174   Data           4  convertpoint.o(.data)
    Res_FollowNum                            0x20000178   Data           4  convertpoint.o(.data)
    Test_SpeedEn                             0x2000017c   Data           1  convertpoint.o(.data)
    Res_Speedcnt                             0x20000180   Data           4  convertpoint.o(.data)
    Pixel_range                              0x20000184   Data           4  convertpoint.o(.data)
    Run_FollowAddr                           0x20000188   Data           1  convertpoint.o(.data)
    Run_FollowUpdate                         0x20000189   Data           1  convertpoint.o(.data)
    Plot_Xset                                0x2000018c   Data          64  convertpoint.o(.data)
    Plot_Xreal                               0x200001cc   Data          64  convertpoint.o(.data)
    Plot_Yset                                0x2000020c   Data          64  convertpoint.o(.data)
    Plot_Yreal                               0x2000024c   Data          64  convertpoint.o(.data)
    Plot_XrealReturn                         0x2000028c   Data           4  convertpoint.o(.data)
    Plot_YrealReturn                         0x20000290   Data           4  convertpoint.o(.data)
    XReal_Code                               0x20000294   Data           4  convertpoint.o(.data)
    YReal_Code                               0x20000298   Data           4  convertpoint.o(.data)
    XReal_Motor                              0x2000029c   Data           4  convertpoint.o(.data)
    YReal_Motor                              0x200002a0   Data           4  convertpoint.o(.data)
    XRealAll                                 0x200002a4   Data           4  convertpoint.o(.data)
    YRealAll                                 0x200002a8   Data           4  convertpoint.o(.data)
    Plot_XsetReturn                          0x200002ac   Data           4  convertpoint.o(.data)
    Plot_YsetReturn                          0x200002b0   Data           4  convertpoint.o(.data)
    Mess                                     0x200002b8   Data         128  adjust.o(.data)
    IIC_Select                               0x20000338   Data           1  i2c.o(.data)
    buf                                      0x2000033c   Data           2  as5600.o(.data)
    tempX0                                   0x20000340   Data           4  as5600.o(.data)
    tempX1                                   0x20000344   Data           4  as5600.o(.data)
    tempX2                                   0x20000348   Data           4  as5600.o(.data)
    tempY0                                   0x2000034c   Data           4  as5600.o(.data)
    tempY1                                   0x20000350   Data           4  as5600.o(.data)
    tempY2                                   0x20000354   Data           4  as5600.o(.data)
    ADCConvertedValue                        0x20000358   Data           6  adc.o(.data)
    AD_Data1                                 0x20000360   Data           4  adc.o(.data)
    AD_Data2                                 0x20000364   Data           4  adc.o(.data)
    AD_Value1                                0x20000368   Data           4  adc.o(.data)
    AD_Value2                                0x2000036c   Data           4  adc.o(.data)
    AD_ResultX                               0x20000370   Data           4  adc.o(.data)
    AD_ResultY                               0x20000374   Data           4  adc.o(.data)
    M_Mode10                                 0x20000380   Data          10  uart_control.o(.data)
    M_Mode11                                 0x2000038a   Data          10  uart_control.o(.data)
    M_Mode12                                 0x20000394   Data          10  uart_control.o(.data)
    M_Color11                                0x2000039e   Data          10  uart_control.o(.data)
    M_Color12                                0x200003a8   Data          10  uart_control.o(.data)
    M_Color13                                0x200003b2   Data          10  uart_control.o(.data)
    M_Color14                                0x200003bc   Data          10  uart_control.o(.data)
    M_Shape11                                0x200003c6   Data          12  uart_control.o(.data)
    M_Shape12                                0x200003d2   Data          12  uart_control.o(.data)
    M_Shape13                                0x200003de   Data          12  uart_control.o(.data)
    M_Shape14                                0x200003ea   Data          12  uart_control.o(.data)
    M_Shape15                                0x200003f6   Data          12  uart_control.o(.data)
    UART4_DatUpdate                          0x20000404   Data           4  uart_camera.o(.data)
    UART4_DatIndex                           0x20000408   Data           4  uart_camera.o(.data)
    AI_NUM                                   0x2000040c   Data           2  uart_camera.o(.data)
    AI_List01                                0x2000040e   Data           2  uart_camera.o(.data)
    AI_List02                                0x20000410   Data           2  uart_camera.o(.data)
    AI_List03                                0x20000412   Data           2  uart_camera.o(.data)
    Cnt_i                                    0x20000414   Data           4  uart_485.o(.data)
    Cnt_j                                    0x20000418   Data           4  uart_485.o(.data)
    Cnt_k                                    0x2000041c   Data           4  uart_485.o(.data)
    Cnt_n                                    0x20000420   Data           4  uart_485.o(.data)
    Rx2_cnt                                  0x20000424   Data           4  uart_tftlcd.o(.data)
    SystemCoreClock                          0x20000428   Data           4  system_stm32f10x.o(.data)
    AHBPrescTable                            0x2000042c   Data          16  system_stm32f10x.o(.data)
    Rece_Buffer                              0x20000454   Data          50  boardvariable.o(.bss)
    MCGS_TxBuffer                            0x20000486   Data          50  boardvariable.o(.bss)
    Cam_TxBuffer                             0x200004b8   Data          20  boardvariable.o(.bss)
    Cam_RxBuffer                             0x200004cc   Data         200  boardvariable.o(.bss)
    CodeX                                    0x20000594   Data          28  boardvariable.o(.bss)
    CodeY                                    0x200005b0   Data          28  boardvariable.o(.bss)
    Arg_ReadAdj                              0x200005cc   Data         440  boardvariable.o(.bss)
    LCD_Data                                 0x20000784   Data          30  boardvariable.o(.bss)
    Camera_RxType                            0x200007a4   Data         176  boardvariable.o(.bss)
    Collect_Static                           0x20000854   Data         324  boardvariable.o(.bss)
    Collect_Low                              0x20000998   Data         324  boardvariable.o(.bss)
    Collect_High                             0x20000adc   Data         324  boardvariable.o(.bss)
    ValIN_Value                              0x20000c20   Data          60  operatea.o(.bss)
    ValIN_OneBUF                             0x20000c5c   Data         160  operatea.o(.bss)
    Res_PosDeal                              0x20000cfc   Data        4800  convertpoint.o(.bss)
    Res_PosPre                               0x20001fbc   Data        4800  convertpoint.o(.bss)
    Res_PosTrack                             0x2000327c   Data         720  convertpoint.o(.bss)
    Res_TrackACK                             0x2000354c   Data          60  convertpoint.o(.bss)
    Res_PosFollow                            0x20003588   Data         160  convertpoint.o(.bss)
    Res_SpeedBuf                             0x20003628   Data          40  convertpoint.o(.bss)
    Tmp_DeBuffer                             0x20003650   Data        4800  convertpoint.o(.bss)
    Tmp_Track01                              0x20004910   Data         720  convertpoint.o(.bss)
    Tmp_Track02                              0x20004be0   Data         720  convertpoint.o(.bss)
    Tmp_Track03                              0x20004eb0   Data         720  convertpoint.o(.bss)
    Tmp_TrackSort                            0x20005180   Data         240  convertpoint.o(.bss)
    Tmp_CheckX                               0x20005270   Data          80  convertpoint.o(.bss)
    Tmp_CheckY                               0x200052c0   Data          80  convertpoint.o(.bss)
    Tmp_PicX                                 0x20005310   Data          80  convertpoint.o(.bss)
    Tmp_PicY                                 0x20005360   Data          80  convertpoint.o(.bss)
    Tmp_CheckSource                          0x200053b0   Data          80  convertpoint.o(.bss)
    Tmp_PicSource                            0x20005400   Data          80  convertpoint.o(.bss)
    Res_FollowSource                         0x20005450   Data          80  convertpoint.o(.bss)
    Run_FollowData                           0x200054a0   Data          12  convertpoint.o(.bss)
    Plot_XsetA                               0x200054ac   Data          16  convertpoint.o(.bss)
    Plot_XrealA                              0x200054bc   Data          16  convertpoint.o(.bss)
    Plot_YsetA                               0x200054cc   Data          16  convertpoint.o(.bss)
    Plot_YrealA                              0x200054dc   Data          16  convertpoint.o(.bss)
    ADC_InitStructure                        0x200054ec   Data          20  adc.o(.bss)
    DMA_InitStructure                        0x20005500   Data          44  adc.o(.bss)
    Receive4_buff                            0x2000552c   Data         200  uart_camera.o(.bss)
    UART4_Datbuffer                          0x200055f4   Data        6000  uart_camera.o(.bss)
    Rx2_buf                                  0x20006d64   Data          60  uart_tftlcd.o(.bss)
    __initial_sp                             0x200071a0   Data           0  startup_stm32f10x_hd.o(STACK)



==============================================================================

Memory Map of the image

  Image Entry point : 0x08000131

  Load Region LR_IROM1 (Base: 0x08000000, Size: 0x0000e6b4, Max: 0x00080000, ABSOLUTE, COMPRESSED[0x0000e318])

    Execution Region ER_IROM1 (Base: 0x08000000, Size: 0x0000e260, Max: 0x00080000, ABSOLUTE)

    Base Addr    Size         Type   Attr      Idx    E Section Name        Object

    0x08000000   0x00000130   Data   RO            3    RESET               startup_stm32f10x_hd.o
    0x08000130   0x00000000   Code   RO          867  * .ARM.Collect$$$$00000000  mc_w.l(entry.o)
    0x08000130   0x00000004   Code   RO          943    .ARM.Collect$$$$00000001  mc_w.l(entry2.o)
    0x08000134   0x00000004   Code   RO          946    .ARM.Collect$$$$00000004  mc_w.l(entry5.o)
    0x08000138   0x00000000   Code   RO          948    .ARM.Collect$$$$00000008  mc_w.l(entry7b.o)
    0x08000138   0x00000000   Code   RO          950    .ARM.Collect$$$$0000000A  mc_w.l(entry8b.o)
    0x08000138   0x00000008   Code   RO          951    .ARM.Collect$$$$0000000B  mc_w.l(entry9a.o)
    0x08000140   0x00000000   Code   RO          953    .ARM.Collect$$$$0000000D  mc_w.l(entry10a.o)
    0x08000140   0x00000000   Code   RO          955    .ARM.Collect$$$$0000000F  mc_w.l(entry11a.o)
    0x08000140   0x00000004   Code   RO          944    .ARM.Collect$$$$00002712  mc_w.l(entry2.o)
    0x08000144   0x00000024   Code   RO            4    .text               startup_stm32f10x_hd.o
    0x08000168   0x000002f0   Code   RO           10    .text               main.o
    0x08000458   0x00000034   Code   RO          168    .text               stm32f10x_it.o
    0x0800048c   0x000007f4   Code   RO          187    .text               timer.o
    0x08000c80   0x00000ff8   Code   RO          219    .text               operatea.o
    0x08001c78   0x00000a34   Code   RO          238    .text               operateb.o
    0x080026ac   0x00000e00   Code   RO          253    .text               function.o
    0x080034ac   0x00002d7c   Code   RO          269    .text               convertpoint.o
    0x08006228   0x000003a0   Code   RO          289    .text               adjust.o
    0x080065c8   0x00000038   Code   RO          304    .text               mbcrc.o
    0x08006600   0x0000046c   Code   RO          318    .text               i2c.o
    0x08006a6c   0x00000284   Code   RO          336    .text               as5600.o
    0x08006cf0   0x00000092   Code   RO          358    .text               syn6288.o
    0x08006d82   0x00000002   PAD
    0x08006d84   0x000003b0   Code   RO          370    .text               adc.o
    0x08007134   0x0000020c   Code   RO          418    .text               bsp.o
    0x08007340   0x000000d4   Code   RO          446    .text               delay.o
    0x08007414   0x0000040c   Code   RO          460    .text               usart.o
    0x08007820   0x000003cc   Code   RO          472    .text               uart_control.o
    0x08007bec   0x0000042c   Code   RO          488    .text               uart_camera.o
    0x08008018   0x00000740   Code   RO          504    .text               uart_485.o
    0x08008758   0x000006c4   Code   RO          519    .text               uart_tftlcd.o
    0x08008e1c   0x000001e0   Code   RO          545    .text               system_stm32f10x.o
    0x08008ffc   0x000000dc   Code   RO          563    .text               misc.o
    0x080090d8   0x0000044e   Code   RO          575    .text               stm32f10x_adc.o
    0x08009526   0x00000002   PAD
    0x08009528   0x00000254   Code   RO          659    .text               stm32f10x_dma.o
    0x0800977c   0x000005bc   Code   RO          683    .text               stm32f10x_flash.o
    0x08009d38   0x0000035c   Code   RO          707    .text               stm32f10x_gpio.o
    0x0800a094   0x000003a4   Code   RO          755    .text               stm32f10x_rcc.o
    0x0800a438   0x00000e1a   Code   RO          805    .text               stm32f10x_tim.o
    0x0800b252   0x00000002   PAD
    0x0800b254   0x00000408   Code   RO          817    .text               stm32f10x_usart.o
    0x0800b65c   0x00000024   Code   RO          870    .text               mc_w.l(memcpya.o)
    0x0800b680   0x00000024   Code   RO          872    .text               mc_w.l(memseta.o)
    0x0800b6a4   0x0000000e   Code   RO          874    .text               mc_w.l(strlen.o)
    0x0800b6b2   0x000000b0   Code   RO          878    .text               mf_w.l(fadd.o)
    0x0800b762   0x00000064   Code   RO          880    .text               mf_w.l(fmul.o)
    0x0800b7c6   0x0000007c   Code   RO          882    .text               mf_w.l(fdiv.o)
    0x0800b842   0x0000014e   Code   RO          884    .text               mf_w.l(dadd.o)
    0x0800b990   0x000000e4   Code   RO          886    .text               mf_w.l(dmul.o)
    0x0800ba74   0x000000de   Code   RO          888    .text               mf_w.l(ddiv.o)
    0x0800bb52   0x00000012   Code   RO          890    .text               mf_w.l(fflti.o)
    0x0800bb64   0x00000022   Code   RO          892    .text               mf_w.l(dflti.o)
    0x0800bb86   0x0000001a   Code   RO          894    .text               mf_w.l(dfltui.o)
    0x0800bba0   0x00000032   Code   RO          896    .text               mf_w.l(ffixi.o)
    0x0800bbd2   0x0000003e   Code   RO          898    .text               mf_w.l(dfixi.o)
    0x0800bc10   0x00000032   Code   RO          900    .text               mf_w.l(dfixui.o)
    0x0800bc42   0x00000026   Code   RO          902    .text               mf_w.l(f2d.o)
    0x0800bc68   0x00000030   Code   RO          904    .text               mf_w.l(cdcmple.o)
    0x0800bc98   0x00000030   Code   RO          906    .text               mf_w.l(cdrcmple.o)
    0x0800bcc8   0x00000038   Code   RO          908    .text               mf_w.l(d2f.o)
    0x0800bd00   0x00000014   Code   RO          910    .text               mf_w.l(cfcmple.o)
    0x0800bd14   0x00000014   Code   RO          912    .text               mf_w.l(cfrcmple.o)
    0x0800bd28   0x0000001e   Code   RO          957    .text               mc_w.l(llshl.o)
    0x0800bd46   0x00000020   Code   RO          959    .text               mc_w.l(llushr.o)
    0x0800bd66   0x00000024   Code   RO          961    .text               mc_w.l(llsshr.o)
    0x0800bd8a   0x00000000   Code   RO          970    .text               mc_w.l(iusefp.o)
    0x0800bd8a   0x0000006e   Code   RO          971    .text               mf_w.l(fepilogue.o)
    0x0800bdf8   0x000000ba   Code   RO          973    .text               mf_w.l(depilogue.o)
    0x0800beb2   0x0000002e   Code   RO          975    .text               mf_w.l(dscalb.o)
    0x0800bee0   0x000000a2   Code   RO          977    .text               mf_w.l(dsqrt.o)
    0x0800bf82   0x00000002   PAD
    0x0800bf84   0x00000024   Code   RO          979    .text               mc_w.l(init.o)
    0x0800bfa8   0x00000056   Code   RO          989    .text               mc_w.l(__dczerorl2.o)
    0x0800bffe   0x00000028   Code   RO          928    i.__ARM_fpclassify  m_ws.l(fpclassify.o)
    0x0800c026   0x00000002   PAD
    0x0800c028   0x00000388   Code   RO          932    i.__ieee754_rem_pio2  m_ws.l(rred.o)
    0x0800c3b0   0x000000aa   Code   RO          930    i.__kernel_poly     m_ws.l(poly.o)
    0x0800c45a   0x00000002   PAD
    0x0800c45c   0x0000027c   Code   RO          937    i.__kernel_tan      m_ws.l(tan_i.o)
    0x0800c6d8   0x00000006   Code   RO          915    i.__mathlib_dbl_infnan  m_ws.l(dunder.o)
    0x0800c6de   0x0000000c   Code   RO          917    i.__mathlib_dbl_invalid  m_ws.l(dunder.o)
    0x0800c6ea   0x00000002   PAD
    0x0800c6ec   0x00000010   Code   RO          920    i.__mathlib_dbl_underflow  m_ws.l(dunder.o)
    0x0800c6fc   0x0000000e   Code   RO          983    i.__scatterload_copy  mc_w.l(handlers.o)
    0x0800c70a   0x00000002   Code   RO          984    i.__scatterload_null  mc_w.l(handlers.o)
    0x0800c70c   0x0000000e   Code   RO          985    i.__scatterload_zeroinit  mc_w.l(handlers.o)
    0x0800c71a   0x00000002   PAD
    0x0800c71c   0x0000000c   Code   RO          965    i.__set_errno       mc_w.l(errno.o)
    0x0800c728   0x00000220   Code   RO          842    i.atan              m_ws.l(atan.o)
    0x0800c948   0x0000004c   Code   RO          852    i.sqrt              m_ws.l(sqrt.o)
    0x0800c994   0x00000064   Code   RO          860    i.tan               m_ws.l(tan.o)
    0x0800c9f8   0x00000080   Data   RO          254    .constdata          function.o
    0x0800ca78   0x00001388   Data   RO          271    .constdata          convertpoint.o
    0x0800de00   0x00000200   Data   RO          305    .constdata          mbcrc.o
    0x0800e000   0x0000007a   Data   RO          473    .constdata          uart_control.o
    0x0800e07a   0x00000006   PAD
    0x0800e080   0x00000098   Data   RO          843    .constdata          m_ws.l(atan.o)
    0x0800e118   0x000000c8   Data   RO          934    .constdata          m_ws.l(rred.o)
    0x0800e1e0   0x00000060   Data   RO          938    .constdata          m_ws.l(tan_i.o)
    0x0800e240   0x00000020   Data   RO          981    Region$$Table       anon$$obj.o


    Execution Region RW_IRAM1 (Base: 0x20000000, Size: 0x000071a0, Max: 0x00010000, ABSOLUTE, COMPRESSED[0x000000b8])

    Base Addr    Size         Type   Attr      Idx    E Section Name        Object

    0x20000000   0x0000000a   Data   RW           11    .data               main.o
    0x2000000a   0x00000002   PAD
    0x2000000c   0x00000018   Data   RW          188    .data               timer.o
    0x20000024   0x000000c0   Data   RW          206    .data               boardvariable.o
    0x200000e4   0x0000007c   Data   RW          221    .data               operatea.o
    0x20000160   0x00000001   Data   RW          255    .data               function.o
    0x20000161   0x00000003   PAD
    0x20000164   0x00000151   Data   RW          272    .data               convertpoint.o
    0x200002b5   0x00000003   PAD
    0x200002b8   0x00000080   Data   RW          290    .data               adjust.o
    0x20000338   0x00000001   Data   RW          319    .data               i2c.o
    0x20000339   0x00000003   PAD
    0x2000033c   0x0000001c   Data   RW          337    .data               as5600.o
    0x20000358   0x00000024   Data   RW          372    .data               adc.o
    0x2000037c   0x00000004   Data   RW          447    .data               delay.o
    0x20000380   0x00000082   Data   RW          474    .data               uart_control.o
    0x20000402   0x00000002   PAD
    0x20000404   0x00000010   Data   RW          490    .data               uart_camera.o
    0x20000414   0x00000010   Data   RW          505    .data               uart_485.o
    0x20000424   0x00000004   Data   RW          521    .data               uart_tftlcd.o
    0x20000428   0x00000014   Data   RW          546    .data               system_stm32f10x.o
    0x2000043c   0x00000014   Data   RW          756    .data               stm32f10x_rcc.o
    0x20000450   0x00000004   Data   RW          966    .data               mc_w.l(errno.o)
    0x20000454   0x000007cc   Zero   RW          205    .bss                boardvariable.o
    0x20000c20   0x000000dc   Zero   RW          220    .bss                operatea.o
    0x20000cfc   0x000047f0   Zero   RW          270    .bss                convertpoint.o
    0x200054ec   0x00000040   Zero   RW          371    .bss                adc.o
    0x2000552c   0x00001838   Zero   RW          489    .bss                uart_camera.o
    0x20006d64   0x0000003c   Zero   RW          520    .bss                uart_tftlcd.o
    0x20006da0   0x00000400   Zero   RW            1    STACK               startup_stm32f10x_hd.o


==============================================================================

Image component sizes


      Code (inc. data)   RO Data    RW Data    ZI Data      Debug   Object Name

       944         86          0         36         64       2931   adc.o
       928         30          0        128          0       2059   adjust.o
       644         40          0         28          0       2807   as5600.o
         0          0          0        192       1996       8570   boardvariable.o
       524         26          0          0          0       1340   bsp.o
     11644        720       5000        337      18416      15012   convertpoint.o
       212         18          0          4          0       1155   delay.o
      3584        294        128          1          0       4917   function.o
      1132         14          0          1          0       3305   i2c.o
       752        154          0         10          0     281502   main.o
        56          8        512          0          0       1460   mbcrc.o
       220         22          0          0          0       2073   misc.o
      4088        378          0        124        220       5177   operatea.o
      2612        346          0          0          0       2955   operateb.o
        36          8        304          0       1024        912   startup_stm32f10x_hd.o
      1102         26          0          0          0      11109   stm32f10x_adc.o
       596          8          0          0          0       4602   stm32f10x_dma.o
      1468         34          0          0          0       8302   stm32f10x_flash.o
       860         38          0          0          0       5921   stm32f10x_gpio.o
        52          4          0          0          0       1476   stm32f10x_it.o
       932         36          0         20          0       9200   stm32f10x_rcc.o
      3610         88          0          0          0      22408   stm32f10x_tim.o
      1032         22          0          0          0       8644   stm32f10x_usart.o
       146          0          0          0          0       1511   syn6288.o
       480         38          0         20          0       2107   system_stm32f10x.o
      2036        200          0         24          0       3086   timer.o
      1856        184          0         16          0       2877   uart_485.o
      1068         72          0         16       6200       3341   uart_camera.o
       972        142        122        130          0       3557   uart_control.o
      1732        222          0          4         60       2355   uart_tftlcd.o
      1036         54          0          0          0       3384   usart.o

    ----------------------------------------------------------------------
     46360       3312       6104       1104      27980     430055   Object Totals
         0          0         32          0          0          0   (incl. Generated)
         6          0          6         13          0          0   (incl. Padding)

    ----------------------------------------------------------------------

      Code (inc. data)   RO Data    RW Data    ZI Data      Debug   Library Member Name

       544         70        152          0          0        124   atan.o
        34          6          0          0          0        204   dunder.o
        40          0          0          0          0         68   fpclassify.o
       170          0          0          0          0         96   poly.o
       904         76        200          0          0        140   rred.o
        76          0          0          0          0         84   sqrt.o
       100         10          0          0          0         96   tan.o
       636         50         96          0          0        168   tan_i.o
        86          0          0          0          0          0   __dczerorl2.o
         0          0          0          0          0          0   entry.o
         0          0          0          0          0          0   entry10a.o
         0          0          0          0          0          0   entry11a.o
         8          4          0          0          0          0   entry2.o
         4          0          0          0          0          0   entry5.o
         0          0          0          0          0          0   entry7b.o
         0          0          0          0          0          0   entry8b.o
         8          4          0          0          0          0   entry9a.o
        12          6          0          4          0         68   errno.o
        30          0          0          0          0          0   handlers.o
        36          8          0          0          0         68   init.o
         0          0          0          0          0          0   iusefp.o
        30          0          0          0          0         68   llshl.o
        36          0          0          0          0         68   llsshr.o
        32          0          0          0          0         68   llushr.o
        36          0          0          0          0         68   memcpya.o
        36          0          0          0          0        108   memseta.o
        14          0          0          0          0         68   strlen.o
        48          0          0          0          0         68   cdcmple.o
        48          0          0          0          0         68   cdrcmple.o
        20          0          0          0          0         68   cfcmple.o
        20          0          0          0          0         68   cfrcmple.o
        56          0          0          0          0         88   d2f.o
       334          0          0          0          0        148   dadd.o
       222          0          0          0          0        100   ddiv.o
       186          0          0          0          0        176   depilogue.o
        62          0          0          0          0         80   dfixi.o
        50          0          0          0          0         76   dfixui.o
        34          0          0          0          0         76   dflti.o
        26          0          0          0          0         76   dfltui.o
       228          0          0          0          0         96   dmul.o
        46          0          0          0          0         80   dscalb.o
       162          0          0          0          0        100   dsqrt.o
        38          0          0          0          0         68   f2d.o
       176          0          0          0          0        140   fadd.o
       124          0          0          0          0         88   fdiv.o
       110          0          0          0          0        168   fepilogue.o
        50          0          0          0          0         68   ffixi.o
        18          0          0          0          0         68   fflti.o
       100          0          0          0          0         76   fmul.o

    ----------------------------------------------------------------------
      5040        234        448          4          0       3608   Library Totals
        10          0          0          0          0          0   (incl. Padding)

    ----------------------------------------------------------------------

      Code (inc. data)   RO Data    RW Data    ZI Data      Debug   Library Name

      2504        212        448          0          0        980   m_ws.l
       368         22          0          4          0        584   mc_w.l
      2158          0          0          0          0       2044   mf_w.l

    ----------------------------------------------------------------------
      5040        234        448          4          0       3608   Library Totals

    ----------------------------------------------------------------------

==============================================================================


      Code (inc. data)   RO Data    RW Data    ZI Data      Debug   

     51400       3546       6552       1108      27980     429527   Grand Totals
     51400       3546       6552        184      27980     429527   ELF Image Totals (compressed)
     51400       3546       6552        184          0          0   ROM Totals

==============================================================================

    Total RO  Size (Code + RO Data)                57952 (  56.59kB)
    Total RW  Size (RW Data + ZI Data)             29088 (  28.41kB)
    Total ROM Size (Code + RO Data + RW Data)      58136 (  56.77kB)

==============================================================================

